<testsuites id="" name="" tests="6" failures="0" skipped="0" errors="0" time="5.803273">
<testsuite name="example.spec.ts" timestamp="2024-04-05T09:35:15.348Z" hostname="chromium" tests="2" failures="0" skipped="0" time="1.221" errors="0">
<testcase name="has title" classname="example.spec.ts" time="0.518">
<properties>
<property name="issue" value="https://github.com/microsoft/playwright/issues/23180">
</property>
</properties>
</testcase>
<testcase name="get started link" classname="example.spec.ts" time="0.703">
</testcase>
</testsuite>
<testsuite name="example.spec.ts" timestamp="2024-04-05T09:35:15.348Z" hostname="firefox" tests="2" failures="0" skipped="0" time="2.961" errors="0">
<testcase name="has title" classname="example.spec.ts" time="1.361">
<properties>
<property name="issue" value="https://github.com/microsoft/playwright/issues/23180">
</property>
</properties>
</testcase>
<testcase name="get started link" classname="example.spec.ts" time="1.6">
</testcase>
</testsuite>
<testsuite name="example.spec.ts" timestamp="2024-04-05T09:35:15.348Z" hostname="webkit" tests="2" failures="0" skipped="0" time="1.925" errors="0">
<testcase name="has title" classname="example.spec.ts" time="0.886">
<properties>
<property name="issue" value="https://github.com/microsoft/playwright/issues/23180">
</property>
</properties>
</testcase>
<testcase name="get started link" classname="example.spec.ts" time="1.039">
</testcase>
</testsuite>
</testsuites>